199.21.99.116 - - [02/Apr/2012:18:59:02 -0400] "GET /robots.txt HTTP/1.1" 404 288 "-" "Mozilla/5.0 (compatible; YandexBot/3.0; +http://yandex.com/bots)"
173.31.70.68 - - [02/Apr/2012:22:15:50 -0400] "GET /robots.txt HTTP/1.0" 404 292 "-" "Mozilla/5.0 (compatible; MJ12bot/v1.4.2; http://www.majestic12.co.uk/bot.php?+)"
173.31.70.68 - - [02/Apr/2012:22:15:53 -0400] "GET / HTTP/1.1" 200 4191 "-" "Mozilla/5.0 (compatible; MJ12bot/v1.4.2; http://www.majestic12.co.uk/bot.php?+)"
95.108.151.244 - - [02/Apr/2012:23:58:01 -0400] "GET /robots.txt HTTP/1.1" 404 288 "-" "Mozilla/5.0 (compatible; YandexBot/3.0; +http://yandex.com/bots)"
95.108.151.244 - - [02/Apr/2012:23:58:02 -0400] "GET / HTTP/1.1" 200 4191 "-" "Mozilla/5.0 (compatible; YandexBot/3.0; +http://yandex.com/bots)"
95.108.151.244 - - [02/Apr/2012:23:58:03 -0400] "GET / HTTP/1.1" 200 4191 "-" "Mozilla/5.0 (compatible; YandexBot/3.0; +http://yandex.com/bots)"
199.21.99.116 - - [03/Apr/2012:01:47:26 -0400] "GET / HTTP/1.1" 200 4191 "-" "Mozilla/5.0 (compatible; YandexBot/3.0; +http://yandex.com/bots)"
207.46.13.115 - - [03/Apr/2012:05:41:19 -0400] "GET /robots.txt HTTP/1.1" 404 288 "-" "Mozilla/5.0 (compatible; bingbot/2.0; +http://www.bing.com/bingbot.htm)"
207.46.13.115 - - [03/Apr/2012:05:42:13 -0400] "GET /about HTTP/1.1" 200 6961 "-" "Mozilla/5.0 (compatible; bingbot/2.0; +http://www.bing.com/bingbot.htm)"
199.21.99.116 - - [03/Apr/2012:06:34:42 -0400] "GET /home HTTP/1.1" 200 4191 "-" "Mozilla/5.0 (compatible; YandexBot/3.0; +http://yandex.com/bots)"
123.126.68.26 - - [03/Apr/2012:06:51:39 -0400] "GET / HTTP/1.1" 200 4191 "-" "Sogou web spider/4.0(+http://www.sogou.com/docs/help/webmasters.htm#07)"
123.125.71.105 - - [03/Apr/2012:08:14:07 -0400] "GET /robots.txt HTTP/1.1" 404 288 "-" "Mozilla/5.0 (compatible; Baiduspider/2.0; +http://www.baidu.com/search/spider.html)"
46.4.96.195 - - [03/Apr/2012:11:43:39 -0400] "GET /robots.txt HTTP/1.1" 404 288 "http://ciao-petro.com/" "Mozilla/5.0 (compatible; ltbot/1.3; bot@language-tools.com)"
46.4.96.195 - - [03/Apr/2012:11:43:40 -0400] "GET / HTTP/1.1" 200 4191 "http://ciao-petro.com/" "Mozilla/5.0 (compatible; ltbot/1.3; bot@language-tools.com)"
46.4.96.195 - - [03/Apr/2012:11:43:42 -0400] "GET /about HTTP/1.1" 200 6961 "http://ciao-petro.com/" "Mozilla/5.0 (compatible; ltbot/1.3; bot@language-tools.com)"
46.4.96.195 - - [03/Apr/2012:11:43:45 -0400] "GET /home HTTP/1.1" 200 4191 "http://ciao-petro.com/" "Mozilla/5.0 (compatible; ltbot/1.3; bot@language-tools.com)"
46.4.96.195 - - [03/Apr/2012:11:43:49 -0400] "GET /portfolio HTTP/1.1" 200 3964 "http://ciao-petro.com/" "Mozilla/5.0 (compatible; ltbot/1.3; bot@language-tools.com)"
95.108.150.235 - - [03/Apr/2012:17:20:58 -0400] "GET /robots.txt HTTP/1.1" 404 292 "-" "Mozilla/5.0 (compatible; YandexBot/3.0; +http://yandex.com/bots)"
95.108.150.235 - - [03/Apr/2012:17:20:58 -0400] "GET /robots.txt HTTP/1.1" 404 288 "-" "Mozilla/5.0 (compatible; YandexBot/3.0; +http://yandex.com/bots)"
95.108.150.235 - - [03/Apr/2012:17:20:59 -0400] "GET / HTTP/1.1" 200 4191 "-" "Mozilla/5.0 (compatible; YandexBot/3.0; +http://yandex.com/bots)"
95.108.150.235 - - [03/Apr/2012:17:20:59 -0400] "GET / HTTP/1.1" 200 4191 "-" "Mozilla/5.0 (compatible; YandexBot/3.0; +http://yandex.com/bots)"
95.108.150.235 - - [03/Apr/2012:17:21:00 -0400] "GET / HTTP/1.1" 200 4191 "-" "Mozilla/5.0 (compatible; YandexBot/3.0; +http://yandex.com/bots)"
95.108.150.235 - - [03/Apr/2012:17:21:00 -0400] "GET / HTTP/1.1" 200 4191 "-" "Mozilla/5.0 (compatible; YandexBot/3.0; +http://yandex.com/bots)"
95.108.151.244 - - [03/Apr/2012:17:29:20 -0400] "GET /robots.txt HTTP/1.1" 404 292 "-" "Mozilla/5.0 (compatible; YandexBot/3.0; +http://yandex.com/bots)"
95.108.151.244 - - [03/Apr/2012:17:29:21 -0400] "GET / HTTP/1.1" 200 4191 "-" "Mozilla/5.0 (compatible; YandexBot/3.0; +http://yandex.com/bots)"
95.108.151.244 - - [03/Apr/2012:17:29:22 -0400] "GET / HTTP/1.1" 200 4191 "-" "Mozilla/5.0 (compatible; YandexBot/3.0; +http://yandex.com/bots)"
76.72.167.164 - - [03/Apr/2012:23:22:34 -0400] "GET /robots.txt HTTP/1.0" 404 292 "-" "Mozilla/5.0 (compatible; MJ12bot/v1.4.2; http://www.majestic12.co.uk/bot.php?+)"
76.72.167.164 - - [03/Apr/2012:23:22:36 -0400] "GET / HTTP/1.0" 200 4191 "-" "Mozilla/5.0 (compatible; MJ12bot/v1.4.2; http://www.majestic12.co.uk/bot.php?+)"
123.125.71.19 - - [04/Apr/2012:06:50:46 -0400] "GET / HTTP/1.1" 200 4191 "-" "Mozilla/5.0 (compatible; Baiduspider/2.0; +http://www.baidu.com/search/spider.html)"
123.125.71.60 - - [04/Apr/2012:08:09:37 -0400] "GET /robots.txt HTTP/1.1" 404 288 "-" "Mozilla/5.0 (compatible; Baiduspider/2.0; +http://www.baidu.com/search/spider.html)"
71.177.141.91 - - [04/Apr/2012:11:15:09 -0400] "GET /robots.txt HTTP/1.0" 404 288 "-" "Mozilla/Nutch-1.2 (Windows; U; Windows NT 5.1; en-US; rv:1.9.1.11)"
71.177.141.91 - - [04/Apr/2012:11:15:09 -0400] "GET / HTTP/1.0" 200 4191 "-" "Mozilla/Nutch-1.2 (Windows; U; Windows NT 5.1; en-US; rv:1.9.1.11)"
123.126.68.26 - - [04/Apr/2012:23:30:48 -0400] "GET / HTTP/1.1" 200 4191 "-" "Sogou web spider/4.0(+http://www.sogou.com/docs/help/webmasters.htm#07)"
94.213.77.122 - - [04/Apr/2012:23:35:04 -0400] "GET /robots.txt HTTP/1.0" 404 292 "-" "Mozilla/5.0 (compatible; MJ12bot/v1.4.2; http://www.majestic12.co.uk/bot.php?+)"
94.213.77.122 - - [04/Apr/2012:23:35:05 -0400] "GET / HTTP/1.1" 200 4191 "-" "Mozilla/5.0 (compatible; MJ12bot/v1.4.2; http://www.majestic12.co.uk/bot.php?+)"
66.249.71.101 - - [05/Apr/2012:03:07:34 -0400] "GET /robots.txt HTTP/1.1" 404 288 "-" "Mozilla/5.0 (compatible; Googlebot/2.1; +http://www.google.com/bot.html)"
66.249.71.101 - - [05/Apr/2012:03:07:34 -0400] "GET /portfolio HTTP/1.1" 200 3964 "-" "Mozilla/5.0 (compatible; Googlebot/2.1; +http://www.google.com/bot.html)"
220.181.108.172 - - [05/Apr/2012:04:03:40 -0400] "GET /images/ciao-petro_title.jpg HTTP/1.1" 200 20373 "-" "Baiduspider-image+(+http://www.baidu.com/search/spider.htm)"
123.125.71.69 - - [05/Apr/2012:09:35:29 -0400] "GET /robots.txt HTTP/1.1" 404 288 "-" "Mozilla/5.0 (compatible; Baiduspider/2.0; +http://www.baidu.com/search/spider.html)"
188.165.248.204 - - [05/Apr/2012:23:53:11 -0400] "GET /robots.txt HTTP/1.0" 404 292 "-" "Mozilla/5.0 (compatible; MJ12bot/v1.4.2; http://www.majestic12.co.uk/bot.php?+)"
188.165.248.204 - - [05/Apr/2012:23:53:13 -0400] "GET / HTTP/1.0" 200 4191 "-" "Mozilla/5.0 (compatible; MJ12bot/v1.4.2; http://www.majestic12.co.uk/bot.php?+)"
123.125.71.49 - - [06/Apr/2012:00:22:55 -0400] "GET /robots.txt HTTP/1.1" 404 288 "-" "Mozilla/5.0 (compatible; Baiduspider/2.0; +http://www.baidu.com/search/spider.html)"
66.249.67.210 - - [06/Apr/2012:01:33:13 -0400] "GET /robots.txt HTTP/1.1" 404 292 "-" "Mozilla/5.0 (compatible; Googlebot/2.1; +http://www.google.com/bot.html)"
66.249.67.210 - - [06/Apr/2012:01:33:13 -0400] "GET / HTTP/1.1" 200 4191 "-" "Mozilla/5.0 (compatible; Googlebot/2.1; +http://www.google.com/bot.html)"
95.108.150.235 - - [06/Apr/2012:03:39:44 -0400] "GET /robots.txt HTTP/1.1" 404 288 "-" "Mozilla/5.0 (compatible; YandexBot/3.0; +http://yandex.com/bots)"
95.108.150.235 - - [06/Apr/2012:03:39:44 -0400] "GET /robots.txt HTTP/1.1" 404 292 "-" "Mozilla/5.0 (compatible; YandexBot/3.0; +http://yandex.com/bots)"
95.108.150.235 - - [06/Apr/2012:03:39:45 -0400] "GET / HTTP/1.1" 200 4191 "-" "Mozilla/5.0 (compatible; YandexBot/3.0; +http://yandex.com/bots)"
95.108.150.235 - - [06/Apr/2012:03:39:45 -0400] "GET / HTTP/1.1" 200 4191 "-" "Mozilla/5.0 (compatible; YandexBot/3.0; +http://yandex.com/bots)"
95.108.150.235 - - [06/Apr/2012:03:39:46 -0400] "GET / HTTP/1.1" 200 4191 "-" "Mozilla/5.0 (compatible; YandexBot/3.0; +http://yandex.com/bots)"
95.108.150.235 - - [06/Apr/2012:03:39:46 -0400] "GET / HTTP/1.1" 200 4191 "-" "Mozilla/5.0 (compatible; YandexBot/3.0; +http://yandex.com/bots)"
207.46.13.115 - - [06/Apr/2012:07:37:04 -0400] "GET /robots.txt HTTP/1.1" 404 288 "-" "Mozilla/5.0 (compatible; bingbot/2.0; +http://www.bing.com/bingbot.htm)"
207.46.13.115 - - [06/Apr/2012:07:38:19 -0400] "GET / HTTP/1.1" 200 4191 "-" "Mozilla/5.0 (compatible; bingbot/2.0; +http://www.bing.com/bingbot.htm)"
220.181.125.149 - - [06/Apr/2012:08:19:45 -0400] "GET /robots.txt HTTP/1.1" 404 288 "-" "-"
207.46.13.49 - - [06/Apr/2012:11:30:43 -0400] "GET /robots.txt HTTP/1.1" 404 288 "-" "Mozilla/5.0 (compatible; bingbot/2.0; +http://www.bing.com/bingbot.htm)"
207.46.13.49 - - [06/Apr/2012:11:31:45 -0400] "GET /web HTTP/1.1" 200 2853 "-" "Mozilla/5.0 (compatible; bingbot/2.0; +http://www.bing.com/bingbot.htm)"
123.125.71.16 - - [06/Apr/2012:11:42:57 -0400] "GET / HTTP/1.1" 200 4191 "-" "Mozilla/5.0 (compatible; Baiduspider/2.0; +http://www.baidu.com/search/spider.html)"
199.21.99.116 - - [06/Apr/2012:13:20:26 -0400] "GET /robots.txt HTTP/1.1" 404 288 "-" "Mozilla/5.0 (compatible; YandexBot/3.0; +http://yandex.com/bots)"
123.126.68.26 - - [06/Apr/2012:15:37:54 -0400] "GET / HTTP/1.1" 200 4191 "-" "Sogou web spider/4.0(+http://www.sogou.com/docs/help/webmasters.htm#07)"
69.28.58.10 - - [06/Apr/2012:15:38:01 -0400] "GET / HTTP/1.1" 200 4191 "-" "Wget/1.9+cvs-stable (Red Hat modified)"
199.21.99.116 - - [06/Apr/2012:20:17:56 -0400] "GET / HTTP/1.1" 200 4191 "-" "Mozilla/5.0 (compatible; YandexBot/3.0; +http://yandex.com/bots)"
220.181.125.149 - - [06/Apr/2012:22:24:38 -0400] "GET / HTTP/1.1" 200 4191 "-" "Sogou+web+robot+(+http://www.sogou.com/docs/help/webmasters.htm#07)"
173.31.70.68 - - [07/Apr/2012:00:06:47 -0400] "GET /robots.txt HTTP/1.0" 404 292 "-" "Mozilla/5.0 (compatible; MJ12bot/v1.4.2; http://www.majestic12.co.uk/bot.php?+)"
173.31.70.68 - - [07/Apr/2012:00:06:50 -0400] "GET / HTTP/1.1" 200 4191 "-" "Mozilla/5.0 (compatible; MJ12bot/v1.4.2; http://www.majestic12.co.uk/bot.php?+)"
123.125.71.45 - - [07/Apr/2012:04:00:12 -0400] "GET /robots.txt HTTP/1.1" 404 288 "-" "Mozilla/5.0 (compatible; Baiduspider/2.0; +http://www.baidu.com/search/spider.html)"
95.26.220.10 - - [07/Apr/2012:23:08:18 -0400] "GET / HTTP/1.1" 200 4191 "-" "Mozilla/4.0 (compatible; MSIE 7.0; Windows NT 5.1)"
89.99.5.17 - - [08/Apr/2012:00:31:40 -0400] "GET /robots.txt HTTP/1.0" 404 292 "-" "Mozilla/5.0 (compatible; MJ12bot/v1.4.2; http://www.majestic12.co.uk/bot.php?+)"
89.99.5.17 - - [08/Apr/2012:00:31:47 -0400] "GET / HTTP/1.0" 200 4191 "-" "Mozilla/5.0 (compatible; MJ12bot/v1.4.2; http://www.majestic12.co.uk/bot.php?+)"
199.21.99.116 - - [08/Apr/2012:01:55:18 -0400] "GET /robots.txt HTTP/1.1" 404 288 "-" "Mozilla/5.0 (compatible; YandexBot/3.0; +http://yandex.com/bots)"
95.108.150.235 - - [08/Apr/2012:02:15:49 -0400] "GET /robots.txt HTTP/1.1" 404 288 "-" "Mozilla/5.0 (compatible; YandexBot/3.0; +http://yandex.com/bots)"
95.108.150.235 - - [08/Apr/2012:02:15:49 -0400] "GET /robots.txt HTTP/1.1" 404 292 "-" "Mozilla/5.0 (compatible; YandexBot/3.0; +http://yandex.com/bots)"
95.108.150.235 - - [08/Apr/2012:02:15:50 -0400] "GET / HTTP/1.1" 200 4191 "-" "Mozilla/5.0 (compatible; YandexBot/3.0; +http://yandex.com/bots)"
95.108.150.235 - - [08/Apr/2012:02:15:50 -0400] "GET / HTTP/1.1" 200 4191 "-" "Mozilla/5.0 (compatible; YandexBot/3.0; +http://yandex.com/bots)"
95.108.150.235 - - [08/Apr/2012:02:15:51 -0400] "GET / HTTP/1.1" 200 4191 "-" "Mozilla/5.0 (compatible; YandexBot/3.0; +http://yandex.com/bots)"
95.108.150.235 - - [08/Apr/2012:02:15:51 -0400] "GET / HTTP/1.1" 200 4191 "-" "Mozilla/5.0 (compatible; YandexBot/3.0; +http://yandex.com/bots)"
123.125.71.100 - - [08/Apr/2012:06:31:13 -0400] "GET /robots.txt HTTP/1.1" 404 288 "-" "Mozilla/5.0 (compatible; Baiduspider/2.0; +http://www.baidu.com/search/spider.html)"
123.126.68.26 - - [08/Apr/2012:07:49:32 -0400] "GET /robots.txt HTTP/1.1" 404 288 "-" "-"
123.126.68.26 - - [08/Apr/2012:07:49:41 -0400] "GET / HTTP/1.1" 200 4191 "-" "Sogou web spider/4.0(+http://www.sogou.com/docs/help/webmasters.htm#07)"
199.21.99.116 - - [08/Apr/2012:08:57:40 -0400] "GET /home HTTP/1.1" 200 4191 "-" "Mozilla/5.0 (compatible; YandexBot/3.0; +http://yandex.com/bots)"
66.249.72.77 - - [08/Apr/2012:12:00:20 -0400] "GET /robots.txt HTTP/1.1" 404 292 "-" "Mozilla/5.0 (compatible; Googlebot/2.1; +http://www.google.com/bot.html)"
66.249.72.77 - - [08/Apr/2012:12:00:20 -0400] "GET /photos HTTP/1.1" 200 2856 "-" "Mozilla/5.0 (compatible; Googlebot/2.1; +http://www.google.com/bot.html)"
199.21.99.116 - - [08/Apr/2012:13:18:27 -0400] "GET /about HTTP/1.1" 200 6961 "-" "Mozilla/5.0 (compatible; YandexBot/3.0; +http://yandex.com/bots)"
66.249.72.77 - - [08/Apr/2012:14:52:47 -0400] "GET /gallery/view/8 HTTP/1.1" 200 2863 "-" "Mozilla/5.0 (compatible; Googlebot/2.1; +http://www.google.com/bot.html)"
85.195.101.146 - - [08/Apr/2012:17:03:56 -0400] "GET / HTTP/1.1" 200 4191 "http://domains.checkparams.com/index.php?q=ciao-petro.com" "Mozilla/5.0 (compatible; DCPbot/1.2; +http://domains.checkparams.com/)"
85.195.101.146 - - [08/Apr/2012:17:03:59 -0400] "GET / HTTP/1.1" 200 4191 "http://domains.checkparams.com/index.php?q=ciao-petro.com" "Mozilla/5.0 (compatible; DCPbot/1.2; +http://domains.checkparams.com/)"
66.249.72.244 - - [08/Apr/2012:19:57:54 -0400] "GET /robots.txt HTTP/1.1" 404 288 "-" "Mozilla/5.0 (compatible; Googlebot/2.1; +http://www.google.com/bot.html)"
66.249.72.244 - - [08/Apr/2012:19:57:54 -0400] "GET /portfolio HTTP/1.1" 200 3964 "-" "Mozilla/5.0 (compatible; Googlebot/2.1; +http://www.google.com/bot.html)"
123.125.71.49 - - [09/Apr/2012:05:01:47 -0400] "GET /robots.txt HTTP/1.1" 404 288 "-" "Mozilla/5.0 (compatible; Baiduspider/2.0; +http://www.baidu.com/search/spider.html)"
80.239.22.30 - - [09/Apr/2012:06:29:15 -0400] "GET /robots.txt HTTP/1.0" 404 292 "-" "Mozilla/5.0 (compatible; MJ12bot/v1.4.2; http://www.majestic12.co.uk/bot.php?+)"
80.239.22.30 - - [09/Apr/2012:06:29:17 -0400] "GET / HTTP/1.0" 200 4191 "-" "Mozilla/5.0 (compatible; MJ12bot/v1.4.2; http://www.majestic12.co.uk/bot.php?+)"
64.246.161.190 - - [09/Apr/2012:08:33:39 -0400] "GET /robots.txt HTTP/1.0" 404 292 "-" "Mozilla/5.0 (Windows; U; Windows NT 5.1; en; rv:1.9.0.13) Gecko/2009073022 Firefox/3.5.2 (.NET CLR 3.5.30729) SurveyBot/2.3 (DomainTools)"
64.246.161.190 - - [09/Apr/2012:08:33:40 -0400] "GET / HTTP/1.1" 200 4191 "http://whois.domaintools.com/ciao-petro.com" "Mozilla/5.0 (Windows; U; Windows NT 5.1; en; rv:1.9.0.13) Gecko/2009073022 Firefox/3.5.2 (.NET CLR 3.5.30729) SurveyBot/2.3 (DomainTools)"
69.58.178.57 - - [09/Apr/2012:10:15:38 -0400] "GET /robots.txt HTTP/1.1" 404 292 "-" "Mozilla/5.0 (X11; U; Linux i686; en-US; rv:1.9.2.24; ips-agent) Gecko/20111107 Ubuntu/10.04 (lucid) Firefox/3.6.24"
69.58.178.57 - - [09/Apr/2012:10:16:30 -0400] "GET / HTTP/1.1" 200 4191 "-" "Mozilla/5.0 (X11; U; Linux i686; en-US; rv:1.9.2.24; ips-agent) Gecko/20111107 Ubuntu/10.04 (lucid) Firefox/3.6.24"
69.58.178.57 - - [09/Apr/2012:10:17:19 -0400] "GET / HTTP/1.1" 200 4191 "-" "BlackBerry9630/5.0.0.732 Profile/MIDP-2.1 Configuration/CLDC-1.1 VendorID/102 ips-agent"
69.58.178.57 - - [09/Apr/2012:10:18:07 -0400] "GET /about HTTP/1.1" 200 6961 "-" "Mozilla/5.0 (X11; U; Linux i686; en-US; rv:1.9.2.24; ips-agent) Gecko/20111107 Ubuntu/10.04 (lucid) Firefox/3.6.24"
69.58.178.57 - - [09/Apr/2012:10:18:54 -0400] "GET /home HTTP/1.1" 200 4191 "-" "BlackBerry9630/5.0.0.732 Profile/MIDP-2.1 Configuration/CLDC-1.1 VendorID/102 ips-agent"
69.58.178.57 - - [09/Apr/2012:10:19:39 -0400] "GET /portfolio HTTP/1.1" 200 3964 "-" "BlackBerry9630/5.0.0.732 Profile/MIDP-2.1 Configuration/CLDC-1.1 VendorID/102 ips-agent"
66.249.72.77 - - [09/Apr/2012:12:52:19 -0400] "GET /robots.txt HTTP/1.1" 404 292 "-" "Mozilla/5.0 (compatible; Googlebot/2.1; +http://www.google.com/bot.html)"
66.249.72.77 - - [09/Apr/2012:12:52:19 -0400] "GET /web HTTP/1.1" 200 2853 "-" "Mozilla/5.0 (compatible; Googlebot/2.1; +http://www.google.com/bot.html)"
123.126.68.26 - - [10/Apr/2012:00:36:06 -0400] "GET / HTTP/1.1" 200 4191 "-" "Sogou web spider/4.0(+http://www.sogou.com/docs/help/webmasters.htm#07)"
123.125.71.24 - - [10/Apr/2012:03:38:36 -0400] "GET / HTTP/1.1" 200 4191 "-" "Mozilla/5.0 (compatible; Baiduspider/2.0; +http://www.baidu.com/search/spider.html)"
123.125.71.29 - - [10/Apr/2012:04:29:40 -0400] "GET /robots.txt HTTP/1.1" 404 288 "-" "Mozilla/5.0 (compatible; Baiduspider/2.0; +http://www.baidu.com/search/spider.html)"
95.108.150.235 - - [10/Apr/2012:06:55:08 -0400] "GET /robots.txt HTTP/1.1" 404 288 "-" "Mozilla/5.0 (compatible; YandexBot/3.0; +http://yandex.com/bots)"
95.108.150.235 - - [10/Apr/2012:06:55:08 -0400] "GET /robots.txt HTTP/1.1" 404 292 "-" "Mozilla/5.0 (compatible; YandexBot/3.0; +http://yandex.com/bots)"
95.108.150.235 - - [10/Apr/2012:06:55:09 -0400] "GET / HTTP/1.1" 200 4191 "-" "Mozilla/5.0 (compatible; YandexBot/3.0; +http://yandex.com/bots)"
95.108.150.235 - - [10/Apr/2012:06:55:09 -0400] "GET / HTTP/1.1" 200 4191 "-" "Mozilla/5.0 (compatible; YandexBot/3.0; +http://yandex.com/bots)"
95.108.150.235 - - [10/Apr/2012:06:55:10 -0400] "GET / HTTP/1.1" 200 4191 "-" "Mozilla/5.0 (compatible; YandexBot/3.0; +http://yandex.com/bots)"
95.108.150.235 - - [10/Apr/2012:06:55:10 -0400] "GET / HTTP/1.1" 200 4191 "-" "Mozilla/5.0 (compatible; YandexBot/3.0; +http://yandex.com/bots)"
76.72.167.164 - - [10/Apr/2012:06:56:08 -0400] "GET /robots.txt HTTP/1.0" 404 292 "-" "Mozilla/5.0 (compatible; MJ12bot/v1.4.2; http://www.majestic12.co.uk/bot.php?+)"
76.72.167.164 - - [10/Apr/2012:06:56:10 -0400] "GET / HTTP/1.0" 200 4191 "-" "Mozilla/5.0 (compatible; MJ12bot/v1.4.2; http://www.majestic12.co.uk/bot.php?+)"
220.181.108.103 - - [10/Apr/2012:09:52:54 -0400] "GET /images/ciao-petro_title.jpg HTTP/1.1" 200 20373 "-" "Baiduspider-image+(+http://www.baidu.com/search/spider.htm)"
199.21.99.116 - - [10/Apr/2012:10:35:00 -0400] "GET /robots.txt HTTP/1.1" 404 288 "-" "Mozilla/5.0 (compatible; YandexBot/3.0; +http://yandex.com/bots)"
85.186.188.33 - - [10/Apr/2012:11:16:14 -0400] "GET / HTTP/1.1" 200 4191 "-" "Mozilla/4.0 (compatible; MSIE 5.5; Windows NT 4.0)"
85.186.188.33 - - [10/Apr/2012:11:16:15 -0400] "GET /contact HTTP/1.1" 200 2863 "-" "Mozilla/4.0 (compatible; MSIE 5.5; Windows NT 4.0)"
85.186.188.33 - - [10/Apr/2012:11:16:15 -0400] "GET /about HTTP/1.1" 200 6961 "-" "Mozilla/4.0 (compatible; MSIE 5.5; Windows NT 4.0)"
41.190.16.17 - - [10/Apr/2012:13:13:42 -0400] "GET / HTTP/1.1" 200 4191 "http://ciao-petro.com/" "Mozilla/4.0 (compatible; MSIE 6.0; Windows NT 5.1; SV1; FunWebProducts)"
203.42.246.231 - - [10/Apr/2012:13:14:34 -0400] "GET / HTTP/1.1" 200 4191 "http://ciao-petro.com/" "Mozilla/4.0 (compatible; MSIE 6.0; Windows NT 5.1; SV1; FunWebProducts)"
209.88.88.40 - - [10/Apr/2012:13:14:48 -0400] "GET / HTTP/1.1" 200 4191 "http://ciao-petro.com/" "Mozilla/4.0 (compatible; MSIE 6.0; Windows NT 5.1; SV1; FunWebProducts)"
203.42.246.231 - - [10/Apr/2012:13:14:49 -0400] "GET / HTTP/1.1" 200 4191 "http://ciao-petro.com/" "Mozilla/4.0 (compatible; MSIE 6.0; Windows NT 5.1; SV1; FunWebProducts)"
218.83.175.129 - - [10/Apr/2012:13:15:13 -0400] "GET / HTTP/1.1" 200 4191 "http://ciao-petro.com/" "Mozilla/4.0 (compatible; MSIE 6.0; Windows NT 5.1; SV1; FunWebProducts)"
199.21.99.116 - - [10/Apr/2012:16:50:50 -0400] "GET / HTTP/1.1" 200 4191 "-" "Mozilla/5.0 (compatible; YandexBot/3.0; +http://yandex.com/bots)"
207.46.13.115 - - [10/Apr/2012:21:53:29 -0400] "GET /robots.txt HTTP/1.1" 404 288 "-" "Mozilla/5.0 (compatible; bingbot/2.0; +http://www.bing.com/bingbot.htm)"
207.46.13.115 - - [10/Apr/2012:21:54:23 -0400] "GET /home HTTP/1.1" 200 4191 "-" "Mozilla/5.0 (compatible; bingbot/2.0; +http://www.bing.com/bingbot.htm)"
123.125.71.98 - - [11/Apr/2012:07:02:38 -0400] "GET /robots.txt HTTP/1.1" 404 288 "-" "Mozilla/5.0 (compatible; Baiduspider/2.0; +http://www.baidu.com/search/spider.html)"
82.128.201.204 - - [11/Apr/2012:07:08:34 -0400] "GET /robots.txt HTTP/1.0" 404 292 "-" "Mozilla/5.0 (compatible; MJ12bot/v1.4.2; http://www.majestic12.co.uk/bot.php?+)"
82.128.201.204 - - [11/Apr/2012:07:08:35 -0400] "GET / HTTP/1.0" 200 4191 "-" "Mozilla/5.0 (compatible; MJ12bot/v1.4.2; http://www.majestic12.co.uk/bot.php?+)"
123.125.71.21 - - [11/Apr/2012:19:21:50 -0400] "GET /css/main.css HTTP/1.1" 200 2756 "-" "Mozilla/5.0 (compatible; Baiduspider/2.0; +http://www.baidu.com/search/spider.html)"
123.125.71.24 - - [11/Apr/2012:19:21:51 -0400] "GET /css/ HTTP/1.1" 200 870 "-" "Mozilla/5.0 (compatible; Baiduspider/2.0; +http://www.baidu.com/search/spider.html)"
123.126.68.26 - - [11/Apr/2012:19:48:47 -0400] "GET / HTTP/1.1" 200 4191 "-" "Sogou web spider/4.0(+http://www.sogou.com/docs/help/webmasters.htm#07)"
66.249.72.244 - - [12/Apr/2012:02:16:48 -0400] "GET /robots.txt HTTP/1.1" 404 288 "-" "Mozilla/5.0 (compatible; Googlebot/2.1; +http://www.google.com/bot.html)"
66.249.72.244 - - [12/Apr/2012:02:16:48 -0400] "GET / HTTP/1.1" 200 4191 "-" "Mozilla/5.0 (compatible; Googlebot/2.1; +http://www.google.com/bot.html)"
95.108.150.235 - - [12/Apr/2012:05:39:17 -0400] "GET /robots.txt HTTP/1.1" 404 288 "-" "Mozilla/5.0 (compatible; YandexBot/3.0; +http://yandex.com/bots)"
95.108.150.235 - - [12/Apr/2012:05:39:17 -0400] "GET /robots.txt HTTP/1.1" 404 292 "-" "Mozilla/5.0 (compatible; YandexBot/3.0; +http://yandex.com/bots)"
95.108.150.235 - - [12/Apr/2012:05:39:18 -0400] "GET / HTTP/1.1" 200 4191 "-" "Mozilla/5.0 (compatible; YandexBot/3.0; +http://yandex.com/bots)"
95.108.150.235 - - [12/Apr/2012:05:39:18 -0400] "GET / HTTP/1.1" 200 4191 "-" "Mozilla/5.0 (compatible; YandexBot/3.0; +http://yandex.com/bots)"
95.108.150.235 - - [12/Apr/2012:05:39:19 -0400] "GET / HTTP/1.1" 200 4191 "-" "Mozilla/5.0 (compatible; YandexBot/3.0; +http://yandex.com/bots)"
95.108.150.235 - - [12/Apr/2012:05:39:19 -0400] "GET / HTTP/1.1" 200 4191 "-" "Mozilla/5.0 (compatible; YandexBot/3.0; +http://yandex.com/bots)"
123.125.71.111 - - [12/Apr/2012:07:12:32 -0400] "GET /robots.txt HTTP/1.1" 404 288 "-" "Mozilla/5.0 (compatible; Baiduspider/2.0; +http://www.baidu.com/search/spider.html)"
94.23.42.135 - - [12/Apr/2012:07:26:07 -0400] "GET /robots.txt HTTP/1.0" 404 292 "-" "Mozilla/5.0 (compatible; MJ12bot/v1.4.2; http://www.majestic12.co.uk/bot.php?+)"
94.23.42.135 - - [12/Apr/2012:07:26:09 -0400] "GET / HTTP/1.0" 200 4191 "-" "Mozilla/5.0 (compatible; MJ12bot/v1.4.2; http://www.majestic12.co.uk/bot.php?+)"
66.249.72.77 - - [12/Apr/2012:07:53:46 -0400] "GET /robots.txt HTTP/1.1" 404 292 "-" "Mozilla/5.0 (compatible; Googlebot/2.1; +http://www.google.com/bot.html)"
66.249.72.77 - - [12/Apr/2012:07:53:46 -0400] "GET /about HTTP/1.1" 200 6961 "-" "Mozilla/5.0 (compatible; Googlebot/2.1; +http://www.google.com/bot.html)"
66.249.72.77 - - [12/Apr/2012:08:44:33 -0400] "GET /css/main.css HTTP/1.1" 200 2756 "-" "Mozilla/5.0 (compatible; Googlebot/2.1; +http://www.google.com/bot.html)"
66.249.72.77 - - [12/Apr/2012:08:44:33 -0400] "GET /js/mm.js HTTP/1.1" 404 290 "-" "Mozilla/5.0 (compatible; Googlebot/2.1; +http://www.google.com/bot.html)"
66.249.72.77 - - [12/Apr/2012:08:44:33 -0400] "GET /js/main.js HTTP/1.1" 404 292 "-" "Mozilla/5.0 (compatible; Googlebot/2.1; +http://www.google.com/bot.html)"
123.125.71.18 - - [12/Apr/2012:09:04:59 -0400] "GET / HTTP/1.1" 200 4191 "-" "Mozilla/5.0 (compatible; Baiduspider/2.0; +http://www.baidu.com/search/spider.html)"
199.21.99.116 - - [12/Apr/2012:10:25:32 -0400] "GET /robots.txt HTTP/1.1" 404 288 "-" "Mozilla/5.0 (compatible; YandexBot/3.0; +http://yandex.com/bots)"
199.21.99.116 - - [12/Apr/2012:14:34:09 -0400] "GET /about HTTP/1.1" 200 6961 "-" "Mozilla/5.0 (compatible; YandexBot/3.0; +http://yandex.com/bots)"
157.55.18.21 - - [13/Apr/2012:02:08:31 -0400] "GET /robots.txt HTTP/1.1" 404 292 "-" "Mozilla/5.0 (compatible; bingbot/2.0; +http://www.bing.com/bingbot.htm)"
157.55.18.21 - - [13/Apr/2012:02:13:51 -0400] "GET /cgi-sys/defaultwebpage.cgi HTTP/1.1" 404 308 "-" "Mozilla/5.0 (compatible; bingbot/2.0; +http://www.bing.com/bingbot.htm)"
66.249.72.244 - - [13/Apr/2012:05:42:34 -0400] "GET /robots.txt HTTP/1.1" 404 288 "-" "Mozilla/5.0 (compatible; Googlebot/2.1; +http://www.google.com/bot.html)"
66.249.72.244 - - [13/Apr/2012:05:42:34 -0400] "GET /portfolio HTTP/1.1" 200 3964 "-" "Mozilla/5.0 (compatible; Googlebot/2.1; +http://www.google.com/bot.html)"
123.126.68.26 - - [13/Apr/2012:06:05:53 -0400] "GET /robots.txt HTTP/1.1" 404 288 "-" "-"
123.126.68.26 - - [13/Apr/2012:06:06:03 -0400] "GET / HTTP/1.1" 200 4191 "-" "Sogou web spider/4.0(+http://www.sogou.com/docs/help/webmasters.htm#07)"
69.28.58.35 - - [13/Apr/2012:06:06:08 -0400] "GET / HTTP/1.1" 200 4191 "-" "Wget/1.9+cvs-stable (Red Hat modified)"
95.34.238.136 - - [13/Apr/2012:07:39:41 -0400] "GET /robots.txt HTTP/1.0" 404 292 "-" "Mozilla/5.0 (compatible; MJ12bot/v1.4.2; http://www.majestic12.co.uk/bot.php?+)"
95.34.238.136 - - [13/Apr/2012:07:39:42 -0400] "GET / HTTP/1.1" 200 4191 "-" "Mozilla/5.0 (compatible; MJ12bot/v1.4.2; http://www.majestic12.co.uk/bot.php?+)"
123.125.71.56 - - [13/Apr/2012:09:26:51 -0400] "GET /robots.txt HTTP/1.1" 404 288 "-" "Mozilla/5.0 (compatible; Baiduspider/2.0; +http://www.baidu.com/search/spider.html)"
123.125.71.109 - - [14/Apr/2012:02:01:23 -0400] "GET /robots.txt HTTP/1.1" 404 288 "-" "Mozilla/5.0 (compatible; Baiduspider/2.0; +http://www.baidu.com/search/spider.html)"
38.100.21.16 - - [14/Apr/2012:02:41:46 -0400] "GET / HTTP/1.1" 200 4191 "-" "Mozilla/4.0 (compatible; MSIE 7.0; Windows NT 5.2)"
38.100.21.16 - - [14/Apr/2012:02:41:46 -0400] "GET /portfolio HTTP/1.1" 200 3964 "-" "Mozilla/4.0 (compatible; MSIE 7.0; Windows NT 5.2)"
38.100.21.16 - - [14/Apr/2012:02:41:47 -0400] "GET /css/main.css HTTP/1.1" 200 2756 "-" "Mozilla/4.0 (compatible; MSIE 7.0; Windows NT 5.2)"
38.100.21.16 - - [14/Apr/2012:02:41:47 -0400] "GET /contact HTTP/1.1" 200 2863 "-" "Mozilla/4.0 (compatible; MSIE 7.0; Windows NT 5.2)"
38.100.21.16 - - [14/Apr/2012:02:41:49 -0400] "GET /gallery HTTP/1.1" 200 2863 "-" "Mozilla/4.0 (compatible; MSIE 7.0; Windows NT 5.2)"
38.100.21.16 - - [14/Apr/2012:02:41:49 -0400] "GET /about HTTP/1.1" 200 6961 "-" "Mozilla/4.0 (compatible; MSIE 7.0; Windows NT 5.2)"
38.100.21.16 - - [14/Apr/2012:02:41:49 -0400] "GET /home HTTP/1.1" 200 4191 "-" "Mozilla/4.0 (compatible; MSIE 7.0; Windows NT 5.2)"
95.108.150.235 - - [14/Apr/2012:06:13:26 -0400] "GET /robots.txt HTTP/1.1" 404 288 "-" "Mozilla/5.0 (compatible; YandexBot/3.0; +http://yandex.com/bots)"
95.108.150.235 - - [14/Apr/2012:06:13:26 -0400] "GET /robots.txt HTTP/1.1" 404 292 "-" "Mozilla/5.0 (compatible; YandexBot/3.0; +http://yandex.com/bots)"
95.108.150.235 - - [14/Apr/2012:06:13:27 -0400] "GET / HTTP/1.1" 200 4191 "-" "Mozilla/5.0 (compatible; YandexBot/3.0; +http://yandex.com/bots)"
95.108.150.235 - - [14/Apr/2012:06:13:27 -0400] "GET / HTTP/1.1" 200 4191 "-" "Mozilla/5.0 (compatible; YandexBot/3.0; +http://yandex.com/bots)"
95.108.150.235 - - [14/Apr/2012:06:13:28 -0400] "GET / HTTP/1.1" 200 4191 "-" "Mozilla/5.0 (compatible; YandexBot/3.0; +http://yandex.com/bots)"
95.108.150.235 - - [14/Apr/2012:06:13:28 -0400] "GET / HTTP/1.1" 200 4191 "-" "Mozilla/5.0 (compatible; YandexBot/3.0; +http://yandex.com/bots)"
173.31.70.68 - - [14/Apr/2012:07:52:58 -0400] "GET /robots.txt HTTP/1.0" 404 292 "-" "Mozilla/5.0 (compatible; MJ12bot/v1.4.2; http://www.majestic12.co.uk/bot.php?+)"
173.31.70.68 - - [14/Apr/2012:07:53:00 -0400] "GET / HTTP/1.1" 200 4191 "-" "Mozilla/5.0 (compatible; MJ12bot/v1.4.2; http://www.majestic12.co.uk/bot.php?+)"
123.125.71.112 - - [14/Apr/2012:07:56:48 -0400] "GET /robots.txt HTTP/1.1" 404 288 "-" "Mozilla/5.0 (compatible; Baiduspider/2.0; +http://www.baidu.com/search/spider.html)"
123.126.68.26 - - [14/Apr/2012:09:54:58 -0400] "GET / HTTP/1.1" 200 4191 "-" "Sogou web spider/4.0(+http://www.sogou.com/docs/help/webmasters.htm#07)"
199.21.99.116 - - [14/Apr/2012:12:23:43 -0400] "GET /robots.txt HTTP/1.1" 404 288 "-" "Mozilla/5.0 (compatible; YandexBot/3.0; +http://yandex.com/bots)"
199.21.99.116 - - [14/Apr/2012:17:35:49 -0400] "GET / HTTP/1.1" 200 4191 "-" "Mozilla/5.0 (compatible; YandexBot/3.0; +http://yandex.com/bots)"
220.181.108.114 - - [14/Apr/2012:17:47:25 -0400] "GET /images/ciao-petro_title.jpg HTTP/1.1" 200 20373 "-" "Baiduspider-image+(+http://www.baidu.com/search/spider.htm)"
199.21.99.116 - - [14/Apr/2012:23:09:59 -0400] "GET /home HTTP/1.1" 200 4191 "-" "Mozilla/5.0 (compatible; YandexBot/3.0; +http://yandex.com/bots)"
123.125.71.17 - - [15/Apr/2012:03:41:57 -0400] "GET / HTTP/1.1" 200 4191 "-" "Mozilla/5.0 (compatible; Baiduspider/2.0; +http://www.baidu.com/search/spider.html)"
123.125.71.86 - - [15/Apr/2012:06:52:57 -0400] "GET /robots.txt HTTP/1.1" 404 288 "-" "Mozilla/5.0 (compatible; Baiduspider/2.0; +http://www.baidu.com/search/spider.html)"
85.19.205.124 - - [15/Apr/2012:08:17:12 -0400] "GET /robots.txt HTTP/1.0" 404 292 "-" "Mozilla/5.0 (compatible; MJ12bot/v1.4.2; http://www.majestic12.co.uk/bot.php?+)"
85.19.205.124 - - [15/Apr/2012:08:17:14 -0400] "GET / HTTP/1.0" 200 4191 "-" "Mozilla/5.0 (compatible; MJ12bot/v1.4.2; http://www.majestic12.co.uk/bot.php?+)"
123.126.68.26 - - [15/Apr/2012:16:13:37 -0400] "GET / HTTP/1.1" 200 4191 "-" "Sogou web spider/4.0(+http://www.sogou.com/docs/help/webmasters.htm#07)"
66.249.72.77 - - [15/Apr/2012:22:39:29 -0400] "GET /robots.txt HTTP/1.1" 404 292 "-" "Mozilla/5.0 (compatible; Googlebot/2.1; +http://www.google.com/bot.html)"
66.249.72.77 - - [15/Apr/2012:22:39:29 -0400] "GET /gallery/view/8 HTTP/1.1" 200 2863 "-" "Mozilla/5.0 (compatible; Googlebot/2.1; +http://www.google.com/bot.html)"
66.249.72.77 - - [16/Apr/2012:02:30:38 -0400] "GET /photos HTTP/1.1" 200 2856 "-" "Mozilla/5.0 (compatible; Googlebot/2.1; +http://www.google.com/bot.html)"
123.125.71.31 - - [16/Apr/2012:02:52:46 -0400] "GET /robots.txt HTTP/1.1" 404 288 "-" "Mozilla/5.0 (compatible; Baiduspider/2.0; +http://www.baidu.com/search/spider.html)"
173.242.125.196 - - [16/Apr/2012:05:11:50 -0400] "GET /robots.txt HTTP/1.0" 404 292 "-" "Mozilla/5.0 (compatible; MJ12bot/v1.4.2; http://www.majestic12.co.uk/bot.php?+)"
173.242.125.196 - - [16/Apr/2012:05:11:52 -0400] "GET /portfolio HTTP/1.0" 200 3964 "-" "Mozilla/5.0 (compatible; MJ12bot/v1.4.2; http://www.majestic12.co.uk/bot.php?+)"
66.249.72.77 - - [16/Apr/2012:05:59:10 -0400] "GET / HTTP/1.1" 200 4191 "-" "Mozilla/5.0 (compatible; Googlebot/2.1; +http://www.google.com/bot.html)"
95.108.150.235 - - [16/Apr/2012:07:59:49 -0400] "GET /robots.txt HTTP/1.1" 404 288 "-" "Mozilla/5.0 (compatible; YandexBot/3.0; +http://yandex.com/bots)"
95.108.150.235 - - [16/Apr/2012:07:59:49 -0400] "GET /robots.txt HTTP/1.1" 404 292 "-" "Mozilla/5.0 (compatible; YandexBot/3.0; +http://yandex.com/bots)"
95.108.150.235 - - [16/Apr/2012:07:59:50 -0400] "GET / HTTP/1.1" 200 4191 "-" "Mozilla/5.0 (compatible; YandexBot/3.0; +http://yandex.com/bots)"
95.108.150.235 - - [16/Apr/2012:07:59:50 -0400] "GET / HTTP/1.1" 200 4191 "-" "Mozilla/5.0 (compatible; YandexBot/3.0; +http://yandex.com/bots)"
95.108.150.235 - - [16/Apr/2012:07:59:51 -0400] "GET / HTTP/1.1" 200 4191 "-" "Mozilla/5.0 (compatible; YandexBot/3.0; +http://yandex.com/bots)"
95.108.150.235 - - [16/Apr/2012:07:59:51 -0400] "GET / HTTP/1.1" 200 4191 "-" "Mozilla/5.0 (compatible; YandexBot/3.0; +http://yandex.com/bots)"
188.165.248.204 - - [16/Apr/2012:08:36:44 -0400] "GET /robots.txt HTTP/1.0" 404 292 "-" "Mozilla/5.0 (compatible; MJ12bot/v1.4.2; http://www.majestic12.co.uk/bot.php?+)"
188.165.248.204 - - [16/Apr/2012:08:36:46 -0400] "GET / HTTP/1.0" 200 4191 "-" "Mozilla/5.0 (compatible; MJ12bot/v1.4.2; http://www.majestic12.co.uk/bot.php?+)"
207.46.13.115 - - [16/Apr/2012:13:00:30 -0400] "GET /robots.txt HTTP/1.1" 404 288 "-" "Mozilla/5.0 (compatible; bingbot/2.0; +http://www.bing.com/bingbot.htm)"
207.46.13.115 - - [16/Apr/2012:13:01:24 -0400] "GET / HTTP/1.1" 200 4191 "-" "Mozilla/5.0 (compatible; bingbot/2.0; +http://www.bing.com/bingbot.htm)"
122.226.141.149 - - [16/Apr/2012:22:07:48 -0400] "GET http://ciao-petro.com/ HTTP/1.0" 200 4191 "http://ciao-petro.com/" "Mozilla/4.0 (compatible; MSIE 6.0; Windows 98; Win 9x 4.90; Creative)"
122.72.0.113 - - [16/Apr/2012:22:07:50 -0400] "GET / HTTP/1.1" 200 4191 "http://ciao-petro.com/" "Mozilla/4.0 (compatible; MSIE 6.0; Windows 98; Win 9x 4.90; Creative)"
64.34.150.136 - - [16/Apr/2012:22:08:00 -0400] "GET / HTTP/1.0" 200 4191 "http://ciao-petro.com/" "Mozilla/4.0 (compatible; MSIE 6.0; Windows 98; Win 9x 4.90; Creative)"
202.164.53.100 - - [16/Apr/2012:22:08:16 -0400] "GET / HTTP/1.0" 200 4191 "http://ciao-petro.com/" "Mozilla/4.0 (compatible; MSIE 6.0; Windows 98; Win 9x 4.90; Creative)"
113.59.99.122 - - [16/Apr/2012:22:08:32 -0400] "GET / HTTP/1.0" 200 4191 "http://ciao-petro.com/" "Mozilla/4.0 (compatible; MSIE 6.0; Windows 98; Win 9x 4.90; Creative)"
113.59.99.122 - - [16/Apr/2012:22:08:36 -0400] "GET / HTTP/1.0" 200 4191 "http://ciao-petro.com/" "Mozilla/4.0 (compatible; MSIE 6.0; Windows 98; Win 9x 4.90; Creative)"
123.126.68.26 - - [16/Apr/2012:23:37:51 -0400] "GET / HTTP/1.1" 200 4191 "-" "Sogou web spider/4.0(+http://www.sogou.com/docs/help/webmasters.htm#07)"
123.125.71.18 - - [17/Apr/2012:02:19:21 -0400] "GET /robots.txt HTTP/1.1" 404 288 "-" "Mozilla/5.0 (compatible; Baiduspider/2.0; +http://www.baidu.com/search/spider.html)"
66.249.72.244 - - [17/Apr/2012:05:20:28 -0400] "GET /robots.txt HTTP/1.1" 404 288 "-" "Mozilla/5.0 (compatible; Googlebot/2.1; +http://www.google.com/bot.html)"
66.249.72.244 - - [17/Apr/2012:05:20:28 -0400] "GET /portfolio HTTP/1.1" 200 3964 "-" "Mozilla/5.0 (compatible; Googlebot/2.1; +http://www.google.com/bot.html)"
76.72.167.164 - - [17/Apr/2012:08:58:09 -0400] "GET /robots.txt HTTP/1.0" 404 292 "-" "Mozilla/5.0 (compatible; MJ12bot/v1.4.2; http://www.majestic12.co.uk/bot.php?+)"
76.72.167.164 - - [17/Apr/2012:08:58:11 -0400] "GET / HTTP/1.0" 200 4191 "-" "Mozilla/5.0 (compatible; MJ12bot/v1.4.2; http://www.majestic12.co.uk/bot.php?+)"
199.21.99.116 - - [17/Apr/2012:18:35:03 -0400] "GET /robots.txt HTTP/1.1" 404 288 "-" "Mozilla/5.0 (compatible; YandexBot/3.0; +http://yandex.com/bots)"
199.21.99.116 - - [17/Apr/2012:22:50:59 -0400] "GET /about HTTP/1.1" 200 6961 "-" "Mozilla/5.0 (compatible; YandexBot/3.0; +http://yandex.com/bots)"
95.108.150.235 - - [17/Apr/2012:23:24:42 -0400] "GET /robots.txt HTTP/1.1" 404 288 "-" "Mozilla/5.0 (compatible; YandexBot/3.0; +http://yandex.com/bots)"
95.108.150.235 - - [17/Apr/2012:23:24:42 -0400] "GET /robots.txt HTTP/1.1" 404 292 "-" "Mozilla/5.0 (compatible; YandexBot/3.0; +http://yandex.com/bots)"
95.108.150.235 - - [17/Apr/2012:23:24:43 -0400] "GET / HTTP/1.1" 200 4191 "-" "Mozilla/5.0 (compatible; YandexBot/3.0; +http://yandex.com/bots)"
95.108.150.235 - - [17/Apr/2012:23:24:43 -0400] "GET / HTTP/1.1" 200 4191 "-" "Mozilla/5.0 (compatible; YandexBot/3.0; +http://yandex.com/bots)"
95.108.150.235 - - [17/Apr/2012:23:24:44 -0400] "GET / HTTP/1.1" 200 4191 "-" "Mozilla/5.0 (compatible; YandexBot/3.0; +http://yandex.com/bots)"
95.108.150.235 - - [17/Apr/2012:23:24:44 -0400] "GET / HTTP/1.1" 200 4191 "-" "Mozilla/5.0 (compatible; YandexBot/3.0; +http://yandex.com/bots)"
123.125.71.114 - - [18/Apr/2012:02:40:17 -0400] "GET /robots.txt HTTP/1.1" 404 288 "-" "Mozilla/5.0 (compatible; Baiduspider/2.0; +http://www.baidu.com/search/spider.html)"
65.52.104.28 - - [18/Apr/2012:04:01:40 -0400] "GET /robots.txt HTTP/1.1" 404 288 "-" "Mozilla/5.0 (compatible; bingbot/2.0; +http://www.bing.com/bingbot.htm)"
65.52.104.28 - - [18/Apr/2012:04:23:05 -0400] "GET /portfolio HTTP/1.1" 200 3964 "-" "Mozilla/5.0 (compatible; bingbot/2.0; +http://www.bing.com/bingbot.htm)"
123.126.68.26 - - [18/Apr/2012:06:24:32 -0400] "GET /robots.txt HTTP/1.1" 404 288 "-" "-"
123.126.68.26 - - [18/Apr/2012:06:24:42 -0400] "GET / HTTP/1.1" 200 4191 "-" "Sogou web spider/4.0(+http://www.sogou.com/docs/help/webmasters.htm#07)"
77.20.207.32 - - [18/Apr/2012:09:32:54 -0400] "GET /robots.txt HTTP/1.0" 404 292 "-" "Mozilla/5.0 (compatible; MJ12bot/v1.4.2; http://www.majestic12.co.uk/bot.php?+)"
77.20.207.32 - - [18/Apr/2012:09:32:56 -0400] "GET / HTTP/1.0" 200 4191 "-" "Mozilla/5.0 (compatible; MJ12bot/v1.4.2; http://www.majestic12.co.uk/bot.php?+)"
207.241.226.160 - - [18/Apr/2012:09:34:13 -0400] "GET /robots.txt HTTP/1.1" 404 292 "-" "ia_archiver(OS-Wayback)"
207.241.224.41 - - [18/Apr/2012:09:34:13 -0400] "GET /robots.txt HTTP/1.1" 404 292 "-" "ia_archiver(OS-Wayback)"
207.241.226.160 - - [18/Apr/2012:09:34:13 -0400] "GET /robots.txt HTTP/1.1" 404 288 "-" "ia_archiver(OS-Wayback)"
207.241.224.41 - - [18/Apr/2012:09:34:13 -0400] "GET /robots.txt HTTP/1.1" 404 288 "-" "ia_archiver(OS-Wayback)"
123.125.71.26 - - [18/Apr/2012:10:43:57 -0400] "GET / HTTP/1.1" 200 4191 "-" "Mozilla/5.0 (compatible; Baiduspider/2.0; +http://www.baidu.com/search/spider.html)"
108.178.25.178 - - [18/Apr/2012:12:30:13 -0400] "GET / HTTP/1.1" 200 4191 "-" "Mozilla/5.0 (Windows; U; MSIE 6.0; Windows NT 5.1; SV1; .NET CLR 2.0.50727)"
188.143.232.42 - - [18/Apr/2012:12:49:19 -0400] "GET /about HTTP/1.0" 200 6961 "http://www.ciao-petro.com/about" "Mozilla/4.0 (compatible; MSIE 5.0; Windows 2000) Opera 6.0 [en]"
180.76.5.67 - - [19/Apr/2012:00:04:42 -0400] "GET /robots.txt HTTP/1.1" 404 292 "-" "Mozilla/5.0 (Windows NT 5.1; rv:6.0.2) Gecko/20100101 Firefox/6.0.2"
180.76.5.60 - - [19/Apr/2012:00:04:47 -0400] "GET /robots.txt HTTP/1.1" 404 288 "-" "Mozilla/5.0 (Windows NT 5.1; rv:6.0.2) Gecko/20100101 Firefox/6.0.2"
220.181.108.99 - - [19/Apr/2012:00:07:01 -0400] "GET /images/ciao-petro_title.jpg HTTP/1.1" 200 20373 "-" "Baiduspider-image+(+http://www.baidu.com/search/spider.htm)"
199.21.99.116 - - [19/Apr/2012:02:51:22 -0400] "GET /robots.txt HTTP/1.1" 404 288 "-" "Mozilla/5.0 (compatible; YandexBot/3.0; +http://yandex.com/bots)"
119.180.24.194 - - [19/Apr/2012:03:45:33 -0400] "GET / HTTP/1.1" 200 4191 "-" "-"
199.21.99.116 - - [19/Apr/2012:04:25:05 -0400] "GET / HTTP/1.1" 200 4191 "-" "Mozilla/5.0 (compatible; YandexBot/3.0; +http://yandex.com/bots)"
123.125.71.91 - - [19/Apr/2012:07:00:48 -0400] "GET /robots.txt HTTP/1.1" 404 288 "-" "Mozilla/5.0 (compatible; Baiduspider/2.0; +http://www.baidu.com/search/spider.html)"
76.72.167.164 - - [19/Apr/2012:09:51:08 -0400] "GET /robots.txt HTTP/1.0" 404 292 "-" "Mozilla/5.0 (compatible; MJ12bot/v1.4.2; http://www.majestic12.co.uk/bot.php?+)"
76.72.167.164 - - [19/Apr/2012:09:51:10 -0400] "GET / HTTP/1.0" 200 4191 "-" "Mozilla/5.0 (compatible; MJ12bot/v1.4.2; http://www.majestic12.co.uk/bot.php?+)"
180.76.5.48 - - [19/Apr/2012:10:27:42 -0400] "GET / HTTP/1.1" 200 4191 "-" "Mozilla/5.0 (compatible; Baiduspider/2.0; +http://www.baidu.com/search/spider.html)"
180.76.5.194 - - [19/Apr/2012:11:52:36 -0400] "GET / HTTP/1.1" 200 4191 "-" "Mozilla/5.0 (compatible; Baiduspider/2.0; +http://www.baidu.com/search/spider.html)"
123.126.68.26 - - [19/Apr/2012:13:22:19 -0400] "GET / HTTP/1.1" 200 4191 "-" "Sogou web spider/4.0(+http://www.sogou.com/docs/help/webmasters.htm#07)"
180.76.5.189 - - [19/Apr/2012:14:21:55 -0400] "GET / HTTP/1.1" 200 4191 "-" "Mozilla/5.0 (compatible; Baiduspider/2.0; +http://www.baidu.com/search/spider.html)"
180.76.5.111 - - [19/Apr/2012:15:51:53 -0400] "GET / HTTP/1.1" 200 4191 "-" "Mozilla/5.0 (compatible; Baiduspider/2.0; +http://www.baidu.com/search/spider.html)"
180.76.5.158 - - [19/Apr/2012:16:26:31 -0400] "GET / HTTP/1.1" 200 4191 "-" "Mozilla/5.0 (compatible; Baiduspider/2.0; +http://www.baidu.com/search/spider.html)"
180.76.5.155 - - [19/Apr/2012:18:31:46 -0400] "GET / HTTP/1.1" 200 4191 "-" "Mozilla/5.0 (compatible; Baiduspider/2.0; +http://www.baidu.com/search/spider.html)"
180.76.5.187 - - [19/Apr/2012:19:47:28 -0400] "GET /home HTTP/1.1" 200 4191 "-" "Mozilla/5.0 (compatible; Baiduspider/2.0; +http://www.baidu.com/search/spider.html)"
180.76.5.179 - - [19/Apr/2012:20:21:48 -0400] "GET / HTTP/1.1" 200 4191 "-" "Mozilla/5.0 (compatible; Baiduspider/2.0; +http://www.baidu.com/search/spider.html)"
180.76.5.91 - - [20/Apr/2012:00:33:15 -0400] "GET / HTTP/1.1" 200 4191 "-" "Mozilla/5.0 (compatible; Baiduspider/2.0; +http://www.baidu.com/search/spider.html)"
180.76.5.151 - - [20/Apr/2012:02:39:02 -0400] "GET / HTTP/1.1" 200 4191 "-" "Mozilla/5.0 (compatible; Baiduspider/2.0; +http://www.baidu.com/search/spider.html)"
123.125.71.36 - - [20/Apr/2012:02:49:21 -0400] "GET /robots.txt HTTP/1.1" 404 288 "-" "Mozilla/5.0 (compatible; Baiduspider/2.0; +http://www.baidu.com/search/spider.html)"
95.108.150.235 - - [20/Apr/2012:04:40:41 -0400] "GET /robots.txt HTTP/1.1" 404 288 "-" "Mozilla/5.0 (compatible; YandexBot/3.0; +http://yandex.com/bots)"
95.108.150.235 - - [20/Apr/2012:04:40:41 -0400] "GET /robots.txt HTTP/1.1" 404 292 "-" "Mozilla/5.0 (compatible; YandexBot/3.0; +http://yandex.com/bots)"
95.108.150.235 - - [20/Apr/2012:04:40:42 -0400] "GET / HTTP/1.1" 200 4191 "-" "Mozilla/5.0 (compatible; YandexBot/3.0; +http://yandex.com/bots)"
95.108.150.235 - - [20/Apr/2012:04:40:42 -0400] "GET / HTTP/1.1" 200 4191 "-" "Mozilla/5.0 (compatible; YandexBot/3.0; +http://yandex.com/bots)"
95.108.150.235 - - [20/Apr/2012:04:40:43 -0400] "GET / HTTP/1.1" 200 4191 "-" "Mozilla/5.0 (compatible; YandexBot/3.0; +http://yandex.com/bots)"
95.108.150.235 - - [20/Apr/2012:04:40:43 -0400] "GET / HTTP/1.1" 200 4191 "-" "Mozilla/5.0 (compatible; YandexBot/3.0; +http://yandex.com/bots)"
180.76.5.175 - - [20/Apr/2012:06:31:23 -0400] "GET / HTTP/1.1" 200 4191 "-" "Mozilla/5.0 (compatible; Baiduspider/2.0; +http://www.baidu.com/search/spider.html)"
180.76.5.93 - - [20/Apr/2012:08:23:46 -0400] "GET / HTTP/1.1" 200 4191 "-" "Mozilla/5.0 (compatible; Baiduspider/2.0; +http://www.baidu.com/search/spider.html)"
146.255.25.212 - - [20/Apr/2012:10:09:38 -0400] "GET /robots.txt HTTP/1.0" 404 292 "-" "Mozilla/5.0 (compatible; MJ12bot/v1.4.2; http://www.majestic12.co.uk/bot.php?+)"
146.255.25.212 - - [20/Apr/2012:10:09:46 -0400] "GET / HTTP/1.0" 200 4191 "-" "Mozilla/5.0 (compatible; MJ12bot/v1.4.2; http://www.majestic12.co.uk/bot.php?+)"
180.76.5.173 - - [20/Apr/2012:10:23:56 -0400] "GET /robots.txt HTTP/1.1" 404 288 "-" "Mozilla/5.0 (Windows NT 5.1; rv:6.0.2) Gecko/20100101 Firefox/6.0.2"
180.76.5.194 - - [20/Apr/2012:10:24:02 -0400] "GET /robots.txt HTTP/1.1" 404 292 "-" "Mozilla/5.0 (Windows NT 5.1; rv:6.0.2) Gecko/20100101 Firefox/6.0.2"
180.76.5.110 - - [20/Apr/2012:12:34:01 -0400] "GET / HTTP/1.1" 200 4191 "-" "Mozilla/5.0 (compatible; Baiduspider/2.0; +http://www.baidu.com/search/spider.html)"
180.76.6.29 - - [20/Apr/2012:14:22:44 -0400] "GET / HTTP/1.1" 200 4191 "-" "Mozilla/5.0 (compatible; Baiduspider/2.0; +http://www.baidu.com/search/spider.html)"
63.117.177.105 - - [20/Apr/2012:15:36:07 -0400] "GET / HTTP/1.1" 200 4191 "-" "Mozilla/5.0 (Windows NT 6.1) AppleWebKit/535.19 (KHTML, like Gecko) Chrome/18.0.1025.162 Safari/535.19"
63.117.177.105 - - [20/Apr/2012:15:36:07 -0400] "GET /css/main.css HTTP/1.1" 200 2756 "http://ciao-petro.com/" "Mozilla/5.0 (Windows NT 6.1) AppleWebKit/535.19 (KHTML, like Gecko) Chrome/18.0.1025.162 Safari/535.19"
63.117.177.105 - - [20/Apr/2012:15:36:07 -0400] "GET /js/main.js HTTP/1.1" 404 288 "http://ciao-petro.com/" "Mozilla/5.0 (Windows NT 6.1) AppleWebKit/535.19 (KHTML, like Gecko) Chrome/18.0.1025.162 Safari/535.19"
63.117.177.105 - - [20/Apr/2012:15:36:07 -0400] "GET /js/mm.js HTTP/1.1" 404 286 "http://ciao-petro.com/" "Mozilla/5.0 (Windows NT 6.1) AppleWebKit/535.19 (KHTML, like Gecko) Chrome/18.0.1025.162 Safari/535.19"
63.117.177.105 - - [20/Apr/2012:15:36:08 -0400] "GET /images/ciao-petro_title.jpg HTTP/1.1" 200 20373 "http://ciao-petro.com/" "Mozilla/5.0 (Windows NT 6.1) AppleWebKit/535.19 (KHTML, like Gecko) Chrome/18.0.1025.162 Safari/535.19"
63.117.177.105 - - [20/Apr/2012:15:36:08 -0400] "GET /images/bg_brown.jpg HTTP/1.1" 200 11166 "http://ciao-petro.com/" "Mozilla/5.0 (Windows NT 6.1) AppleWebKit/535.19 (KHTML, like Gecko) Chrome/18.0.1025.162 Safari/535.19"
63.117.177.105 - - [20/Apr/2012:15:36:08 -0400] "GET /images/bg_dk_brown.jpg HTTP/1.1" 200 11879 "http://ciao-petro.com/" "Mozilla/5.0 (Windows NT 6.1) AppleWebKit/535.19 (KHTML, like Gecko) Chrome/18.0.1025.162 Safari/535.19"
63.117.177.105 - - [20/Apr/2012:15:36:08 -0400] "GET /images/logo.png HTTP/1.1" 200 49910 "http://ciao-petro.com/" "Mozilla/5.0 (Windows NT 6.1) AppleWebKit/535.19 (KHTML, like Gecko) Chrome/18.0.1025.162 Safari/535.19"
63.117.177.105 - - [20/Apr/2012:15:36:08 -0400] "GET /images/footer.jpg HTTP/1.1" 200 218030 "http://ciao-petro.com/" "Mozilla/5.0 (Windows NT 6.1) AppleWebKit/535.19 (KHTML, like Gecko) Chrome/18.0.1025.162 Safari/535.19"
63.117.177.105 - - [20/Apr/2012:15:36:08 -0400] "GET /images/header.jpg HTTP/1.1" 200 589651 "http://ciao-petro.com/" "Mozilla/5.0 (Windows NT 6.1) AppleWebKit/535.19 (KHTML, like Gecko) Chrome/18.0.1025.162 Safari/535.19"
63.117.177.105 - - [20/Apr/2012:15:36:09 -0400] "GET /images/favicon.ico HTTP/1.1" 200 1406 "-" "Mozilla/5.0 (Windows NT 6.1) AppleWebKit/535.19 (KHTML, like Gecko) Chrome/18.0.1025.162 Safari/535.19"
63.117.177.105 - - [20/Apr/2012:15:51:05 -0400] "GET /home HTTP/1.1" 200 4191 "http://ciao-petro.com/" "Mozilla/5.0 (Windows NT 6.1) AppleWebKit/535.19 (KHTML, like Gecko) Chrome/18.0.1025.162 Safari/535.19"
63.117.177.105 - - [20/Apr/2012:15:51:06 -0400] "GET /js/main.js HTTP/1.1" 404 288 "http://ciao-petro.com/home" "Mozilla/5.0 (Windows NT 6.1) AppleWebKit/535.19 (KHTML, like Gecko) Chrome/18.0.1025.162 Safari/535.19"
63.117.177.105 - - [20/Apr/2012:15:51:06 -0400] "GET /js/mm.js HTTP/1.1" 404 286 "http://ciao-petro.com/home" "Mozilla/5.0 (Windows NT 6.1) AppleWebKit/535.19 (KHTML, like Gecko) Chrome/18.0.1025.162 Safari/535.19"
63.117.177.105 - - [20/Apr/2012:15:51:07 -0400] "GET /portfolio HTTP/1.1" 200 3964 "http://ciao-petro.com/home" "Mozilla/5.0 (Windows NT 6.1) AppleWebKit/535.19 (KHTML, like Gecko) Chrome/18.0.1025.162 Safari/535.19"
63.117.177.105 - - [20/Apr/2012:15:51:07 -0400] "GET /js/main.js HTTP/1.1" 404 288 "http://ciao-petro.com/portfolio" "Mozilla/5.0 (Windows NT 6.1) AppleWebKit/535.19 (KHTML, like Gecko) Chrome/18.0.1025.162 Safari/535.19"
63.117.177.105 - - [20/Apr/2012:15:51:07 -0400] "GET /js/mm.js HTTP/1.1" 404 286 "http://ciao-petro.com/portfolio" "Mozilla/5.0 (Windows NT 6.1) AppleWebKit/535.19 (KHTML, like Gecko) Chrome/18.0.1025.162 Safari/535.19"
63.117.177.105 - - [20/Apr/2012:15:51:10 -0400] "GET /about HTTP/1.1" 200 6961 "http://ciao-petro.com/portfolio" "Mozilla/5.0 (Windows NT 6.1) AppleWebKit/535.19 (KHTML, like Gecko) Chrome/18.0.1025.162 Safari/535.19"
63.117.177.105 - - [20/Apr/2012:15:51:10 -0400] "GET /js/main.js HTTP/1.1" 404 288 "http://ciao-petro.com/about" "Mozilla/5.0 (Windows NT 6.1) AppleWebKit/535.19 (KHTML, like Gecko) Chrome/18.0.1025.162 Safari/535.19"
63.117.177.105 - - [20/Apr/2012:15:51:10 -0400] "GET /js/mm.js HTTP/1.1" 404 286 "http://ciao-petro.com/about" "Mozilla/5.0 (Windows NT 6.1) AppleWebKit/535.19 (KHTML, like Gecko) Chrome/18.0.1025.162 Safari/535.19"
63.117.177.105 - - [20/Apr/2012:15:51:14 -0400] "GET /portfolio HTTP/1.1" 200 3964 "http://ciao-petro.com/about" "Mozilla/5.0 (Windows NT 6.1) AppleWebKit/535.19 (KHTML, like Gecko) Chrome/18.0.1025.162 Safari/535.19"
63.117.177.105 - - [20/Apr/2012:15:51:14 -0400] "GET /js/main.js HTTP/1.1" 404 288 "http://ciao-petro.com/portfolio" "Mozilla/5.0 (Windows NT 6.1) AppleWebKit/535.19 (KHTML, like Gecko) Chrome/18.0.1025.162 Safari/535.19"
63.117.177.105 - - [20/Apr/2012:15:51:14 -0400] "GET /js/mm.js HTTP/1.1" 404 286 "http://ciao-petro.com/portfolio" "Mozilla/5.0 (Windows NT 6.1) AppleWebKit/535.19 (KHTML, like Gecko) Chrome/18.0.1025.162 Safari/535.19"
63.117.177.105 - - [20/Apr/2012:15:51:15 -0400] "GET /home HTTP/1.1" 200 4191 "http://ciao-petro.com/portfolio" "Mozilla/5.0 (Windows NT 6.1) AppleWebKit/535.19 (KHTML, like Gecko) Chrome/18.0.1025.162 Safari/535.19"
63.117.177.105 - - [20/Apr/2012:15:51:16 -0400] "GET /js/main.js HTTP/1.1" 404 288 "http://ciao-petro.com/home" "Mozilla/5.0 (Windows NT 6.1) AppleWebKit/535.19 (KHTML, like Gecko) Chrome/18.0.1025.162 Safari/535.19"
63.117.177.105 - - [20/Apr/2012:15:51:16 -0400] "GET /js/mm.js HTTP/1.1" 404 286 "http://ciao-petro.com/home" "Mozilla/5.0 (Windows NT 6.1) AppleWebKit/535.19 (KHTML, like Gecko) Chrome/18.0.1025.162 Safari/535.19"
63.117.177.105 - - [20/Apr/2012:16:12:03 -0400] "GET /about HTTP/1.1" 200 2996 "http://ciao-petro.com/home" "Mozilla/5.0 (Windows NT 6.1) AppleWebKit/535.19 (KHTML, like Gecko) Chrome/18.0.1025.162 Safari/535.19"
63.117.177.105 - - [20/Apr/2012:16:12:03 -0400] "GET /js/main.js HTTP/1.1" 404 288 "http://ciao-petro.com/about" "Mozilla/5.0 (Windows NT 6.1) AppleWebKit/535.19 (KHTML, like Gecko) Chrome/18.0.1025.162 Safari/535.19"
63.117.177.105 - - [20/Apr/2012:16:12:03 -0400] "GET /js/mm.js HTTP/1.1" 404 286 "http://ciao-petro.com/about" "Mozilla/5.0 (Windows NT 6.1) AppleWebKit/535.19 (KHTML, like Gecko) Chrome/18.0.1025.162 Safari/535.19"
63.117.177.105 - - [20/Apr/2012:16:12:06 -0400] "GET /home HTTP/1.1" 200 4191 "http://ciao-petro.com/about" "Mozilla/5.0 (Windows NT 6.1) AppleWebKit/535.19 (KHTML, like Gecko) Chrome/18.0.1025.162 Safari/535.19"
63.117.177.105 - - [20/Apr/2012:16:12:06 -0400] "GET /js/main.js HTTP/1.1" 404 288 "http://ciao-petro.com/home" "Mozilla/5.0 (Windows NT 6.1) AppleWebKit/535.19 (KHTML, like Gecko) Chrome/18.0.1025.162 Safari/535.19"
63.117.177.105 - - [20/Apr/2012:16:12:06 -0400] "GET /js/mm.js HTTP/1.1" 404 286 "http://ciao-petro.com/home" "Mozilla/5.0 (Windows NT 6.1) AppleWebKit/535.19 (KHTML, like Gecko) Chrome/18.0.1025.162 Safari/535.19"
63.117.177.105 - - [20/Apr/2012:16:12:47 -0400] "GET /home HTTP/1.1" 200 4191 "http://ciao-petro.com/about" "Mozilla/5.0 (Windows NT 6.1) AppleWebKit/535.19 (KHTML, like Gecko) Chrome/18.0.1025.162 Safari/535.19"
63.117.177.105 - - [20/Apr/2012:16:12:47 -0400] "GET /css/main.css HTTP/1.1" 304 - "http://ciao-petro.com/home" "Mozilla/5.0 (Windows NT 6.1) AppleWebKit/535.19 (KHTML, like Gecko) Chrome/18.0.1025.162 Safari/535.19"
63.117.177.105 - - [20/Apr/2012:16:12:47 -0400] "GET /js/main.js HTTP/1.1" 404 288 "http://ciao-petro.com/home" "Mozilla/5.0 (Windows NT 6.1) AppleWebKit/535.19 (KHTML, like Gecko) Chrome/18.0.1025.162 Safari/535.19"
